---
source: crates/cli/tests/snapshot.rs
expression: output
---
┌ Filter ──────────────────────────────────────────────────────────────────────┐
│Press / to filter...                                                          │
└──────────────────────────────────────────────────────────────────────────────┘
                               No packages stored.










 /  Filter   p  Pull   d  Delete   Enter  View details   Esc  Clear
