---
source: crates/cli/tests/snapshot.rs
expression: output
---
┌ Search ──────────────────────────────────────────────────────────────────────────────────────────┐
│wasi_                                                                                             │
└──────────────────────────────────────────────────────────────────────────────────────────────────┘
                               No packages found matching your search.










 /  Search   p  Pull selected   r  Refresh tags   Esc  Clear
