---
source: crates/cli/tests/snapshot.rs
expression: output
---
Migrations
  Current:  3/3

Storage
Executable       /usr/local/bin/wasm                         -
Data storage     /home/user/.local/share/wasm                -
Image layers     /home/runner/.local/share/wasm/layers       10.00 MB
Image metadata   /home/user/.local/share/wasm/metadata.db3   64.00 KB
