---
source: crates/cli/tests/snapshot.rs
expression: output
---
┌ Local WASM Files ────────────────────┐
│No .wasm files found in current direct│
│                                      │
│         Press 'r' to refresh         │
│                                      │
│                                      │
│                                      │
│                                      │
│                                      │
└──────────────────────────────────────┘
