---
source: crates/component-frontend/src/components/ds/color.rs
expression: "crate::components::ds::pretty_html(&render(\"colors\", \"01\", \"Color\",\n\"Neutral surfaces and ink form the structural base. Pastel categoricals encode chart series with paired ink tones for legibility.\",\n&[SwatchGroup\n{\n    title: \"Surfaces\", grid_class: \"grid grid-cols-2 md:grid-cols-3 gap-4\",\n    swatches: SURFACES\n}, SwatchGroup\n{\n    title: \"Ink\", grid_class: \"grid grid-cols-2 md:grid-cols-5 gap-4\",\n    swatches: INK\n}, SwatchGroup\n{\n    title: \"Lines\", grid_class: \"grid grid-cols-2 md:grid-cols-3 gap-4\",\n    swatches: LINES\n}, SwatchGroup\n{\n    title: \"Semantic\", grid_class: \"grid grid-cols-2 md:grid-cols-3 gap-4\",\n    swatches: SEMANTIC\n}, SwatchGroup\n{\n    title: \"Categorical\", grid_class: \"grid grid-cols-2 md:grid-cols-5 gap-4\",\n    swatches: CATEGORICAL\n},],))"
---
<section class="pt-12 md:pt-16" id="colors">
  <div class="grid md:grid-cols-[600px_1fr] gap-6 md:gap-12">
    <div>
      <div class="text-[12px] mono uppercase tracking-wider text-ink-500">
        01
      </div>
      <h2 class="mt-2 text-[24px] font-semibold tracking-tight">
        Color
      </h2>
      <p class="mt-2 text-[13px] text-ink-500 leading-relaxed">
        Neutral surfaces and ink form the structural base. Pastel categoricals encode chart series with paired ink tones for legibility.
      </p>
    </div>
    <div class="space-y-10">
      <div>
        <h3 class="text-[13px] mono uppercase tracking-wider text-ink-500 mb-3">
          Surfaces
        </h3>
        <div class="grid grid-cols-2 md:grid-cols-3 gap-4">
          <div>
            <div class="swatch bg-canvas">
            </div>
            <div class="mt-2 text-[13px]">
              Canvas
            </div>
            <div class="text-[12px] text-ink-500 mono">
              L #F4F4F5 · D #1C1C20
            </div>
            <div class="text-[11px] text-ink-400 mono">
              L oklch(.967 .001 286) · D oklch(.178 .010 286)
            </div>
          </div>
          <div>
            <div class="swatch bg-surface">
            </div>
            <div class="mt-2 text-[13px]">
              Surface
            </div>
            <div class="text-[12px] text-ink-500 mono">
              L #FAFAFA · D #26262B
            </div>
            <div class="text-[11px] text-ink-400 mono">
              L oklch(.985 0 0) · D oklch(.222 .009 286)
            </div>
          </div>
          <div>
            <div class="swatch bg-surfaceMuted">
            </div>
            <div class="mt-2 text-[13px]">
              Surface Muted
            </div>
            <div class="text-[12px] text-ink-500 mono">
              L #EDEDEF · D #2F2F35
            </div>
            <div class="text-[11px] text-ink-400 mono">
              L oklch(.949 .002 286) · D oklch(.261 .009 286)
            </div>
          </div>
        </div>
      </div>
      <div>
        <h3 class="text-[13px] mono uppercase tracking-wider text-ink-500 mb-3">
          Ink
        </h3>
        <div class="grid grid-cols-2 md:grid-cols-5 gap-4">
          <div>
            <div class="swatch bg-ink-900">
            </div>
            <div class="mt-2 text-[13px]">
              Ink 900
            </div>
            <div class="text-[12px] text-ink-500 mono">
              L #18181B · D #ECECEE
            </div>
            <div class="text-[11px] text-ink-400 mono">
              L oklch(.210 .006 286) · D oklch(.940 .005 286)
            </div>
          </div>
          <div>
            <div class="swatch bg-ink-700">
            </div>
            <div class="mt-2 text-[13px]">
              Ink 700
            </div>
            <div class="text-[12px] text-ink-500 mono">
              L #3F3F46 · D #B5B5BB
            </div>
            <div class="text-[11px] text-ink-400 mono">
              L oklch(.370 .013 286) · D oklch(.767 .008 286)
            </div>
          </div>
          <div>
            <div class="swatch bg-ink-500">
            </div>
            <div class="mt-2 text-[13px]">
              Ink 500
            </div>
            <div class="text-[12px] text-ink-500 mono">
              L #71717A · D #8B8B92
            </div>
            <div class="text-[11px] text-ink-400 mono">
              L oklch(.552 .016 286) · D oklch(.627 .012 286)
            </div>
          </div>
          <div>
            <div class="swatch bg-ink-400">
            </div>
            <div class="mt-2 text-[13px]">
              Ink 400
            </div>
            <div class="text-[12px] text-ink-500 mono">
              L #A1A1AA · D #76767D
            </div>
            <div class="text-[11px] text-ink-400 mono">
              L oklch(.705 .015 286) · D oklch(.546 .013 286)
            </div>
          </div>
          <div>
            <div class="swatch bg-ink-300">
            </div>
            <div class="mt-2 text-[13px]">
              Ink 300
            </div>
            <div class="text-[12px] text-ink-500 mono">
              L #D4D4D8 · D #4A4A50
            </div>
            <div class="text-[11px] text-ink-400 mono">
              L oklch(.871 .006 286) · D oklch(.374 .010 286)
            </div>
          </div>
        </div>
      </div>
      <div>
        <h3 class="text-[13px] mono uppercase tracking-wider text-ink-500 mb-3">
          Lines
        </h3>
        <div class="grid grid-cols-2 md:grid-cols-3 gap-4">
          <div>
            <div class="swatch bg-line">
            </div>
            <div class="mt-2 text-[13px]">
              Line
            </div>
            <div class="text-[12px] text-ink-500 mono">
              L #D4D4D8 · D #3A3A40
            </div>
            <div class="text-[11px] text-ink-400 mono">
              L oklch(.871 .006 286) · D oklch(.318 .008 286)
            </div>
          </div>
          <div>
            <div class="swatch bg-lineSoft">
            </div>
            <div class="mt-2 text-[13px]">
              Line Soft
            </div>
            <div class="text-[12px] text-ink-500 mono">
              L #E4E4E7 · D #323238
            </div>
            <div class="text-[11px] text-ink-400 mono">
              L oklch(.920 .004 286) · D oklch(.280 .008 286)
            </div>
          </div>
        </div>
      </div>
      <div>
        <h3 class="text-[13px] mono uppercase tracking-wider text-ink-500 mb-3">
          Semantic
        </h3>
        <div class="grid grid-cols-2 md:grid-cols-3 gap-4">
          <div>
            <div class="swatch bg-positive">
            </div>
            <div class="mt-2 text-[13px]">
              Positive
            </div>
            <div class="text-[12px] text-ink-500 mono">
              L #1F8A4C · D #5EC787
            </div>
            <div class="text-[11px] text-ink-400 mono">
              L oklch(.561 .149 149) · D oklch(.753 .130 152)
            </div>
          </div>
          <div>
            <div class="swatch bg-cat-pinkInk">
            </div>
            <div class="mt-2 text-[13px]">
              Negative (pinkInk)
            </div>
            <div class="text-[12px] text-ink-500 mono">
              L #9B4F5E · D #EE7B8E
            </div>
            <div class="text-[11px] text-ink-400 mono">
              L oklch(.490 .080 13) · D oklch(.710 .110 13)
            </div>
          </div>
        </div>
      </div>
      <div>
        <h3 class="text-[13px] mono uppercase tracking-wider text-ink-500 mb-3">
          Categorical
        </h3>
        <div class="grid grid-cols-2 md:grid-cols-5 gap-4">
          <div>
            <div class="swatch bg-cat-blue flex items-end p-3">
              <span class="text-[12px] text-cat-blueInk font-medium">
                Aa
              </span>
            </div>
            <div class="mt-2 text-[13px]">
              Blue
            </div>
            <div class="text-[12px] text-ink-500 mono">
              L #D6E4FF / #3D5A99 · D #B8D0FF / #1F3F8C
            </div>
            <div class="text-[11px] text-ink-400 mono">
              L oklch(.910 .046 264) / oklch(.430 .102 263) · D oklch(.850 .060 264) / oklch(.350 .120 263)
            </div>
          </div>
          <div>
            <div class="swatch bg-cat-pink flex items-end p-3">
              <span class="text-[12px] text-cat-pinkInk font-medium">
                Aa
              </span>
            </div>
            <div class="mt-2 text-[13px]">
              Pink
            </div>
            <div class="text-[12px] text-ink-500 mono">
              L #FBD9DF / #9B4F5E · D #FFB8B0 / #9E2823
            </div>
            <div class="text-[11px] text-ink-400 mono">
              L oklch(.910 .037 9) / oklch(.490 .080 13) · D oklch(.830 .060 20) / oklch(.420 .130 20)
            </div>
          </div>
          <div>
            <div class="swatch bg-cat-green flex items-end p-3">
              <span class="text-[12px] text-cat-greenInk font-medium">
                Aa
              </span>
            </div>
            <div class="mt-2 text-[13px]">
              Green
            </div>
            <div class="text-[12px] text-ink-500 mono">
              L #D2ECD8 / #3F7A52 · D #B5E8C0 / #1F6738
            </div>
            <div class="text-[11px] text-ink-400 mono">
              L oklch(.918 .039 148) / oklch(.503 .089 149) · D oklch(.880 .050 148) / oklch(.430 .100 149)
            </div>
          </div>
          <div>
            <div class="swatch bg-cat-peach flex items-end p-3">
              <span class="text-[12px] text-cat-peachInk font-medium">
                Aa
              </span>
            </div>
            <div class="mt-2 text-[13px]">
              Peach
            </div>
            <div class="text-[12px] text-ink-500 mono">
              L #F8E2C2 / #8E6529 · D #FBD3A0 / #7A4E10
            </div>
            <div class="text-[11px] text-ink-400 mono">
              L oklch(.911 .049 79) / oklch(.499 .089 70) · D oklch(.870 .060 79) / oklch(.420 .100 70)
            </div>
          </div>
          <div>
            <div class="swatch bg-cat-lilac flex items-end p-3">
              <span class="text-[12px] text-cat-lilacInk font-medium">
                Aa
              </span>
            </div>
            <div class="mt-2 text-[13px]">
              Lilac
            </div>
            <div class="text-[12px] text-ink-500 mono">
              L #D5C8EF / #5A3D8C · D #C6B1F0 / #422684
            </div>
            <div class="text-[11px] text-ink-400 mono">
              L oklch(.852 .051 287) / oklch(.395 .120 287) · D oklch(.790 .070 287) / oklch(.320 .140 287)
            </div>
          </div>
          <div>
            <div class="swatch bg-cat-cream flex items-end p-3">
              <span class="text-[12px] text-cat-creamInk font-medium">
                Aa
              </span>
            </div>
            <div class="mt-2 text-[13px]">
              Cream
            </div>
            <div class="text-[12px] text-ink-500 mono">
              L #F4ECC2 / #7A6A2A · D #F5E696 / #6B5610
            </div>
            <div class="text-[11px] text-ink-400 mono">
              L oklch(.937 .055 100) / oklch(.490 .073 96) · D oklch(.910 .070 100) / oklch(.430 .080 96)
            </div>
          </div>
          <div>
            <div class="swatch bg-cat-teal flex items-end p-3">
              <span class="text-[12px] text-cat-tealInk font-medium">
                Aa
              </span>
            </div>
            <div class="mt-2 text-[13px]">
              Teal
            </div>
            <div class="text-[12px] text-ink-500 mono">
              L #BFE3EE / #1F6F87 · D #A6DDF0 / #0F5C7A
            </div>
            <div class="text-[11px] text-ink-400 mono">
              L oklch(.890 .037 215) / oklch(.470 .080 224) · D oklch(.860 .050 215) / oklch(.410 .090 224)
            </div>
          </div>
          <div>
            <div class="swatch bg-cat-rust flex items-end p-3">
              <span class="text-[12px] text-cat-rustInk font-medium">
                Aa
              </span>
            </div>
            <div class="mt-2 text-[13px]">
              Rust
            </div>
            <div class="text-[12px] text-ink-500 mono">
              L #F4D2C0 / #9F5536 · D #F5BFA0 / #87401C
            </div>
            <div class="text-[11px] text-ink-400 mono">
              L oklch(.880 .045 50) / oklch(.510 .104 42) · D oklch(.840 .060 50) / oklch(.430 .120 42)
            </div>
          </div>
          <div>
            <div class="swatch bg-cat-plum flex items-end p-3">
              <span class="text-[12px] text-cat-plumInk font-medium">
                Aa
              </span>
            </div>
            <div class="mt-2 text-[13px]">
              Plum
            </div>
            <div class="text-[12px] text-ink-500 mono">
              L #E8C5E8 / #7E2E7E · D #DDB2EF / #571485
            </div>
            <div class="text-[11px] text-ink-400 mono">
              L oklch(.851 .065 322) / oklch(.408 .135 326) · D oklch(.800 .080 322) / oklch(.330 .155 326)
            </div>
          </div>
          <div>
            <div class="swatch bg-cat-slate flex items-end p-3">
              <span class="text-[12px] text-cat-slateInk font-medium">
                Aa
              </span>
            </div>
            <div class="mt-2 text-[13px]">
              Slate
            </div>
            <div class="text-[12px] text-ink-500 mono">
              L #DADCE0 / #535A66 · D #C6CDD8 / #424B5C
            </div>
            <div class="text-[11px] text-ink-400 mono">
              L oklch(.882 .005 264) / oklch(.450 .015 257) · D oklch(.840 .010 264) / oklch(.390 .020 257)
            </div>
          </div>
        </div>
      </div>
    </div>
  </div>
</section>
