---
source: crates/component-frontend/src/components/ds/dropdown.rs
expression: "crate::components::ds::pretty_html(&render(\"dropdown\", \"16\", \"Dropdown\",\n\"Floating menu on white. 1px gray border + tooltip-grade shadow. Section dividers separate logical groups.\",))"
---
<section class="pt-12 md:pt-16" id="dropdown">
  <div class="grid md:grid-cols-[600px_1fr] gap-6 md:gap-12">
    <div>
      <div class="text-[12px] mono uppercase tracking-wider text-ink-500">
        16
      </div>
      <h2 class="mt-2 text-[24px] font-semibold tracking-tight">
        Dropdown
      </h2>
      <p class="mt-2 text-[13px] text-ink-500 leading-relaxed">
        Floating menu on white. 1px gray border + tooltip-grade shadow. Section dividers separate logical groups.
      </p>
    </div>
    <div class="p-12 bg-canvas border border-line rounded-lg flex items-start justify-center">
      <div class="w-56 rounded-md bg-surface border border-line shadow-tooltip py-1 text-[13px]">
        <div class="px-3 py-1.5 text-[11px] mono uppercase tracking-wider text-ink-400">
          Aenean
        </div>
        <button class="w-full text-left px-3 h-8 hover:bg-surfaceMuted flex items-center gap-2">
          <svg width="14" height="14" viewBox="0 0 24 24" fill="none" stroke="currentColor" stroke-width="1.75" stroke-linecap="round" stroke-linejoin="round">
            <path d="M21.174 6.812a1 1 0 0 0-3.986-3.987L3.842 16.174a2 2 0 0 0-.5.83l-1.321 4.352a.5.5 0 0 0 .623.622l4.353-1.32a2 2 0 0 0 .83-.497z" />
            <path d="m15 5 4 4" />
          </svg>
          Edit lorem
        </button>
        <button class="w-full text-left px-3 h-8 hover:bg-surfaceMuted flex items-center gap-2">
          <svg width="14" height="14" viewBox="0 0 24 24" fill="none" stroke="currentColor" stroke-width="1.75" stroke-linecap="round" stroke-linejoin="round">
            <rect width="14" height="14" x="8" y="8" rx="2" />
            <path d="M4 16c-1.1 0-2-.9-2-2V4c0-1.1.9-2 2-2h10c1.1 0 2 .9 2 2" />
          </svg>
          Duplicate
        </button>
        <div class="my-1 border-t border-lineSoft">
        </div>
        <button class="w-full text-left px-3 h-8 hover:bg-surfaceMuted flex items-center gap-2">
          <svg width="14" height="14" viewBox="0 0 24 24" fill="none" stroke="currentColor" stroke-width="1.75" stroke-linecap="round" stroke-linejoin="round">
            <path d="M4 12v8a2 2 0 0 0 2 2h12a2 2 0 0 0 2-2v-8" />
            <polyline points="16 6 12 2 8 6" />
            <line x1="12" x2="12" y1="2" y2="15" />
          </svg>
          Share
          <span class="ml-auto text-[11px] mono text-ink-400">
            ⌘S
          </span>
        </button>
        <div class="my-1 border-t border-lineSoft">
        </div>
        <button class="w-full text-left px-3 h-8 hover:bg-surfaceMuted flex items-center gap-2 text-negative">
          <svg width="14" height="14" viewBox="0 0 24 24" fill="none" stroke="currentColor" stroke-width="1.75" stroke-linecap="round" stroke-linejoin="round">
            <path d="M3 6h18" />
            <path d="M19 6v14a2 2 0 0 1-2 2H7a2 2 0 0 1-2-2V6" />
            <path d="M8 6V4a2 2 0 0 1 2-2h4a2 2 0 0 1 2 2v2" />
          </svg>
          Delete
        </button>
      </div>
    </div>
  </div>
</section>
