---
source: crates/component-frontend/src/components/ds/motion.rs
expression: "crate::components::ds::pretty_html(&render(\"motion\", \"23\", \"Motion\",\nr#\"Motion is functional: it explains state changes, never decorates them. Most transitions sit between 120–260ms on the <code class=\"px-1 py-0.5 rounded-sm bg-surfaceMuted text-ink-900 mono text-[0.875em]\">standard</code> curve. Anything longer needs a reason.\"#,\nCURVES, DURATIONS, PREVIEWS, RULES,))"
---
<section class="pt-12 md:pt-16" id="motion">
  <div class="grid md:grid-cols-[600px_1fr] gap-6 md:gap-12">
    <div>
      <div class="text-[12px] mono uppercase tracking-wider text-ink-500">
        23
      </div>
      <h2 class="mt-2 text-[24px] font-semibold tracking-tight">
        Motion
      </h2>
      <p class="mt-2 text-[13px] text-ink-500 leading-relaxed">
        Motion is functional: it explains state changes, never decorates them. Most transitions sit between 120–260ms on the
        <code class="px-1 py-0.5 rounded-sm bg-surfaceMuted text-ink-900 mono text-[0.875em]">
          standard
        </code>
        curve. Anything longer needs a reason.
      </p>
    </div>
    <div class="space-y-10">
      <div>
        <h3 class="text-[13px] mono uppercase tracking-wider text-ink-500 mb-3">
          Easing curves
        </h3>
        <div class="grid grid-cols-1 md:grid-cols-2 gap-4">
          <div class="p-4 rounded-md border border-lineSoft">
            <div class="flex items-baseline justify-between">
              <div class="text-[13px] font-medium">
                Standard
              </div>
              <div class="text-[11px] mono text-ink-500">
                cubic-bezier(.2,0,0,1)
              </div>
            </div>
            <svg class="ease-curve mt-3" viewBox="0 0 200 56" preserveAspectRatio="none">
              <path class="track" d="M0,56 L200,56 M0,0 L0,56" />
              <path class="curve" d="M0,56 C40,56 0,0 200,0" />
            </svg>
            <div class="mt-2 text-[12px] text-ink-500">
              Default for state changes — hover, focus, expand.
            </div>
          </div>
          <div class="p-4 rounded-md border border-lineSoft">
            <div class="flex items-baseline justify-between">
              <div class="text-[13px] font-medium">
                Entrance
              </div>
              <div class="text-[11px] mono text-ink-500">
                cubic-bezier(0,0,0,1)
              </div>
            </div>
            <svg class="ease-curve mt-3" viewBox="0 0 200 56" preserveAspectRatio="none">
              <path class="track" d="M0,56 L200,56 M0,0 L0,56" />
              <path class="curve" d="M0,56 C0,56 0,0 200,0" />
            </svg>
            <div class="mt-2 text-[12px] text-ink-500">
              Elements arriving on screen — toasts, popovers, modals.
            </div>
          </div>
          <div class="p-4 rounded-md border border-lineSoft">
            <div class="flex items-baseline justify-between">
              <div class="text-[13px] font-medium">
                Exit
              </div>
              <div class="text-[11px] mono text-ink-500">
                cubic-bezier(.4,0,1,1)
              </div>
            </div>
            <svg class="ease-curve mt-3" viewBox="0 0 200 56" preserveAspectRatio="none">
              <path class="track" d="M0,56 L200,56 M0,0 L0,56" />
              <path class="curve" d="M0,56 C80,56 200,56 200,0" />
            </svg>
            <div class="mt-2 text-[12px] text-ink-500">
              Elements leaving — dismissed alerts, closed sheets.
            </div>
          </div>
          <div class="p-4 rounded-md border border-lineSoft">
            <div class="flex items-baseline justify-between">
              <div class="text-[13px] font-medium">
                Spring
              </div>
              <div class="text-[11px] mono text-ink-500">
                cubic-bezier(.34,1.56,.64,1)
              </div>
            </div>
            <svg class="ease-curve mt-3" viewBox="0 0 200 56" preserveAspectRatio="none">
              <path class="track" d="M0,56 L200,56 M0,0 L0,56" />
              <path class="curve" d="M0,56 C68,56 120,-18 200,0" />
            </svg>
            <div class="mt-2 text-[12px] text-ink-500">
              Reserved for direct manipulation feedback — toggles, drag-snap.
            </div>
          </div>
        </div>
      </div>
      <div>
        <h3 class="text-[13px] mono uppercase tracking-wider text-ink-500 mb-3">
          Durations
        </h3>
        <div class="divide-y divide-lineSoft border-t border-lineSoft">
          <div class="py-3 grid grid-cols-[80px_80px_1fr] gap-4 items-center text-[13px]">
            <span class="mono">
              fast
            </span>
            <span class="mono text-ink-500">
              120ms
            </span>
            <span class="text-ink-700">
              Color, opacity, focus rings.
            </span>
          </div>
          <div class="py-3 grid grid-cols-[80px_80px_1fr] gap-4 items-center text-[13px]">
            <span class="mono">
              base
            </span>
            <span class="mono text-ink-500">
              180ms
            </span>
            <span class="text-ink-700">
              Default transition. Hover, expand-collapse.
            </span>
          </div>
          <div class="py-3 grid grid-cols-[80px_80px_1fr] gap-4 items-center text-[13px]">
            <span class="mono">
              slow
            </span>
            <span class="mono text-ink-500">
              260ms
            </span>
            <span class="text-ink-700">
              Position changes, panel slides.
            </span>
          </div>
          <div class="py-3 grid grid-cols-[80px_80px_1fr] gap-4 items-center text-[13px]">
            <span class="mono">
              page
            </span>
            <span class="mono text-ink-500">
              360ms
            </span>
            <span class="text-ink-700">
              Route transitions, modal open.
            </span>
          </div>
        </div>
      </div>
      <div>
        <h3 class="text-[13px] mono uppercase tracking-wider text-ink-500 mb-3">
          Preview
          <span class="font-normal normal-case text-ink-400">
            (hover row)
          </span>
        </h3>
        <div class="space-y-2">
          <div class="motion-track group flex items-center gap-4 p-2 rounded-md border border-lineSoft hover:bg-canvas">
            <span class="mono text-[12px] text-ink-500 w-20">
              fast · std
            </span>
            <div class="relative flex-1 h-8">
              <div class="motion-target t-fast">
              </div>
            </div>
          </div>
          <div class="motion-track group flex items-center gap-4 p-2 rounded-md border border-lineSoft hover:bg-canvas">
            <span class="mono text-[12px] text-ink-500 w-20">
              base · std
            </span>
            <div class="relative flex-1 h-8">
              <div class="motion-target t-base">
              </div>
            </div>
          </div>
          <div class="motion-track group flex items-center gap-4 p-2 rounded-md border border-lineSoft hover:bg-canvas">
            <span class="mono text-[12px] text-ink-500 w-20">
              slow · std
            </span>
            <div class="relative flex-1 h-8">
              <div class="motion-target t-slow">
              </div>
            </div>
          </div>
          <div class="motion-track group flex items-center gap-4 p-2 rounded-md border border-lineSoft hover:bg-canvas">
            <span class="mono text-[12px] text-ink-500 w-20">
              page · spring
            </span>
            <div class="relative flex-1 h-8">
              <div class="motion-target t-spring">
              </div>
            </div>
          </div>
        </div>
      </div>
      <div>
        <h3 class="text-[13px] mono uppercase tracking-wider text-ink-500 mb-3">
          Rules
        </h3>
        <ul class="space-y-2 text-[13px] text-ink-700 leading-relaxed">
          <li class="flex gap-3">
            <span class="mono text-ink-500 w-12 shrink-0">
              01
            </span>
            <p>
              Animate
              <code class="px-1 py-0.5 rounded-sm bg-surfaceMuted text-ink-900 mono text-[0.875em]">
                transform
              </code>
              and
              <code class="px-1 py-0.5 rounded-sm bg-surfaceMuted text-ink-900 mono text-[0.875em]">
                opacity
              </code>
              only. Avoid
              <code class="px-1 py-0.5 rounded-sm bg-surfaceMuted text-ink-900 mono text-[0.875em]">
                width
              </code>
              ,
              <code class="px-1 py-0.5 rounded-sm bg-surfaceMuted text-ink-900 mono text-[0.875em]">
                height
              </code>
              ,
              <code class="px-1 py-0.5 rounded-sm bg-surfaceMuted text-ink-900 mono text-[0.875em]">
                top
              </code>
              .
            </p>
          </li>
          <li class="flex gap-3">
            <span class="mono text-ink-500 w-12 shrink-0">
              02
            </span>
            <p>
              Default to
              <code class="px-1 py-0.5 rounded-sm bg-surfaceMuted text-ink-900 mono text-[0.875em]">
                base
              </code>
              +
              <code class="px-1 py-0.5 rounded-sm bg-surfaceMuted text-ink-900 mono text-[0.875em]">
                standard
              </code>
              . Pick another token only when intent demands it.
            </p>
          </li>
          <li class="flex gap-3">
            <span class="mono text-ink-500 w-12 shrink-0">
              03
            </span>
            <p>
              Pair entrance and exit asymmetrically: enter on
              <code class="px-1 py-0.5 rounded-sm bg-surfaceMuted text-ink-900 mono text-[0.875em]">
                entrance
              </code>
              , leave on
              <code class="px-1 py-0.5 rounded-sm bg-surfaceMuted text-ink-900 mono text-[0.875em]">
                exit
              </code>
              , exits 60\u{2013}80% of the entrance duration.
            </p>
          </li>
          <li class="flex gap-3">
            <span class="mono text-ink-500 w-12 shrink-0">
              04
            </span>
            <p>
              Spring is for human-initiated, direct manipulation only. Never for system events.
            </p>
          </li>
          <li class="flex gap-3">
            <span class="mono text-ink-500 w-12 shrink-0">
              05
            </span>
            <p>
              Honor
              <code class="px-1 py-0.5 rounded-sm bg-surfaceMuted text-ink-900 mono text-[0.875em]">
                prefers-reduced-motion
              </code>
              \u{2014} collapse to instant or to a 60ms cross-fade.
            </p>
          </li>
        </ul>
      </div>
    </div>
  </div>
</section>
