---
source: crates/component-frontend/src/components/ds/metrics_strip.rs
expression: "crate::components::ds::pretty_html(&html)"
---
<section class="mx-auto max-w-[1280px] w-full px-4 md:px-8 grid grid-cols-2 md:grid-cols-4 divide-x divide-y md:divide-y-0 divide-lineSoft border-y border-lineSoft">
  <div class="p-6">
    <div class="text-[12px] text-ink-500 mono uppercase tracking-wider">
      Packages
    </div>
    <div class="mt-2 flex items-baseline gap-2">
      <span class="text-[28px] font-semibold tracking-tight tabular-nums">
        1 284
      </span>
      <span class="text-[12px] font-medium text-positive">
        +18 this week
      </span>
    </div>
  </div>
  <div class="p-6">
    <div class="text-[12px] text-ink-500 mono uppercase tracking-wider">
      Registries
    </div>
    <div class="mt-2 flex items-baseline gap-2">
      <span class="text-[28px] font-semibold tracking-tight tabular-nums">
        12
      </span>
    </div>
  </div>
  <div class="p-6">
    <div class="text-[12px] text-ink-500 mono uppercase tracking-wider">
      Downloads / mo
    </div>
    <div class="mt-2 flex items-baseline gap-2">
      <span class="text-[28px] font-semibold tracking-tight tabular-nums">
        94k
      </span>
      <span class="text-[12px] font-medium text-positive">
        +6%
      </span>
    </div>
  </div>
  <div class="p-6">
    <div class="text-[12px] text-ink-500 mono uppercase tracking-wider">
      Index integrity
    </div>
    <div class="mt-2 flex items-baseline gap-2">
      <span class="text-[28px] font-semibold tracking-tight tabular-nums">
        100%
      </span>
      <span class="inline-flex items-center gap-1 text-[12px] font-medium text-positive">
        <span class="h-1.5 w-1.5 rounded-full bg-positive">
        </span>
        verified
      </span>
    </div>
  </div>
</section>
