---
source: crates/wasm-frontend/src/components/ds/install_card.rs
expression: "crate::components::ds::pretty_html(&html)"
---
<div class="rounded-lg border border-line bg-surface shadow-card overflow-hidden">
  <div class="flex items-center gap-1 px-3 h-9 border-b border-lineSoft">
    <button type="button" class="h-7 px-2.5 rounded-md text-[12px] mono text-ink-900 bg-surfaceMuted">
      macOS
    </button>
    <button type="button" class="h-7 px-2.5 rounded-md text-[12px] mono text-ink-500 hover:bg-surfaceMuted">
      Linux
    </button>
    <button type="button" class="h-7 px-2.5 rounded-md text-[12px] mono text-ink-500 hover:bg-surfaceMuted">
      Windows
    </button>
    <span class="ml-auto text-[11px] text-ink-500 mono">
      install.sh
    </span>
  </div>
  <div class="p-4">
    <pre class="mono text-[13px] leading-relaxed text-ink-900 whitespace-pre overflow-x-auto">
      <span class="text-ink-500">
        # install the component CLI
      </span>
      <span class="text-ink-400">
        $
      </span>
      curl -sSf https://component.dev/install.sh | sh
      <span class="text-ink-500">
        # verify
      </span>
      <span class="text-positive">
        ✓ component 0.4.0 installed
      </span>
    </pre>
  </div>
  <div class="flex items-center justify-between px-3 h-9 border-t border-lineSoft text-[12px] text-ink-500">
    <span class="mono">
      SHA256: 9f3c…a217
    </span>
    <button type="button" aria-label="Copy install command" class="inline-flex items-center gap-1.5 hover:text-ink-900" id="install-card-copy" data-copy="curl -sSf https://component.dev/install.sh | sh">
      <svg width="12" height="12" viewBox="0 0 24 24" fill="none" stroke="currentColor" stroke-width="1.75" stroke-linecap="round" stroke-linejoin="round">
        <rect width="14" height="14" x="8" y="8" rx="2" />
        <path d="M4 16c-1.1 0-2-.9-2-2V4c0-1.1.9-2 2-2h10c1.1 0 2 .9 2 2" />
      </svg>
      <span data-copy-label>
        Copy
      </span>
    </button>
  </div>
</div>
<script>
  (function(){var b=document.getElementById('install-card-copy');if(!b)return;var l=b.querySelector('[data-copy-label]');b.addEventListener('click',function(){navigator.clipboard.writeText(b.getAttribute('data-copy')).then(function(){if(!l)return;var o=l.textContent;l.textContent='Copied';setTimeout(function(){l.textContent=o},1500)})})})()
</script>
