---
source: crates/wasm-frontend/src/components/ds/modal.rs
expression: "crate::components::ds::pretty_html(&render(\"modal\", \"17\", \"Modal\",\n\"Centered dialog over a 50% ink scrim. 8px radius, 1px gray border, 24px padding. Header / body / footer rhythm.\",))"
---
<section class="pt-12 md:pt-16" id="modal">
  <div class="grid md:grid-cols-[600px_1fr] gap-6 md:gap-12">
    <div>
      <div class="text-[12px] mono uppercase tracking-wider text-ink-500">
        17
      </div>
      <h2 class="mt-2 text-[24px] font-semibold tracking-tight">
        Modal
      </h2>
      <p class="mt-2 text-[13px] text-ink-500 leading-relaxed">
        Centered dialog over a 50% ink scrim. 8px radius, 1px gray border, 24px padding. Header / body / footer rhythm.
      </p>
    </div>
    <div class="relative rounded-lg p-8 md:p-12 overflow-hidden bg-canvas">
      <div aria-hidden class="absolute inset-0 p-6 select-none pointer-events-none">
        <div class="h-3 w-40 rounded mb-3" style="background: var(--c-ink-300);">
        </div>
        <div class="h-2 w-72 rounded mb-2" style="background: var(--c-line);">
        </div>
        <div class="h-2 w-64 rounded mb-2" style="background: var(--c-line);">
        </div>
        <div class="h-2 w-56 rounded" style="background: var(--c-line);">
        </div>
      </div>
      <div class="absolute inset-0" style="background: rgba(15, 15, 17, 0.55); backdrop-filter: blur(2px);">
      </div>
      <div class="relative mx-auto max-w-md bg-surface border border-line rounded-lg shadow-tooltip">
        <div class="flex items-start justify-between p-5 border-b border-lineSoft">
          <div>
            <div class="text-[15px] font-semibold tracking-tight">
              Confirm action
            </div>
            <div class="text-[12px] text-ink-500 mt-1">
              Lorem ipsum dolor sit amet
            </div>
          </div>
          <button class="text-ink-500 hover:text-ink-900">
            <svg width="16" height="16" viewBox="0 0 24 24" fill="none" stroke="currentColor" stroke-width="1.75" stroke-linecap="round" stroke-linejoin="round">
              <path d="M18 6 6 18" />
              <path d="m6 6 12 12" />
            </svg>
          </button>
        </div>
        <div class="p-5 text-[14px] text-ink-700 leading-relaxed">
          Pellentesque habitant morbi tristique senectus et netus et malesuada fames ac turpis egestas. Vestibulum tortor quam.
        </div>
        <div class="flex items-center justify-end gap-2 p-4 border-t border-lineSoft bg-canvas rounded-b-lg">
          <button class="h-8 px-3 rounded-lg border border-line bg-surface text-[13px] hover:bg-surfaceMuted">
            Cancel
          </button>
          <button class="h-8 px-3 rounded-lg bg-surfaceMuted text-ink-900 text-[13px] hover:bg-ink-300">
            Confirm
          </button>
        </div>
      </div>
    </div>
  </div>
</section>
