---
source: crates/wasm-frontend/src/components/ds/tooltip.rs
expression: "crate::components::ds::pretty_html(&render(\"tooltip\", \"10\", \"Tooltip\",\n\"Inverted surface with backdrop blur. Caption label above, key/value rows with right-aligned medium values.\",))"
---
<section class="pt-12 md:pt-16" id="tooltip">
  <div class="grid md:grid-cols-[600px_1fr] gap-6 md:gap-12">
    <div>
      <div class="text-[12px] mono uppercase tracking-wider text-ink-500">
        10
      </div>
      <h2 class="mt-2 text-[24px] font-semibold tracking-tight">
        Tooltip
      </h2>
      <p class="mt-2 text-[13px] text-ink-500 leading-relaxed">
        Inverted surface with backdrop blur. Caption label above, key/value rows with right-aligned medium values.
      </p>
    </div>
    <div class="p-12 bg-canvas border border-line rounded-lg flex items-center justify-center">
      <div class="shadow-tooltip rounded-md backdrop-blur text-canvas px-3 py-2 text-[12px] leading-tight" style="background: color-mix(in oklab, var(--c-ink-900) 85%, transparent);">
        <div class="text-ink-300">
          Cycle 14 · Aenean
        </div>
        <div class="mt-1 flex items-center justify-between gap-6">
          <span>
            Maxima:
          </span>
          <span class="font-medium">
            9.42
          </span>
        </div>
        <div class="flex items-center justify-between gap-6">
          <span>
            Minima:
          </span>
          <span class="font-medium">
            3.18
          </span>
        </div>
      </div>
    </div>
  </div>
</section>
